/d/wham/bsmart/SMC/101005/ha/combo/b2031
/d/wham/bsmart/SMC//101005/ha/combo/b2032
/d/wham/bsmart/SMC//101005/ha/combo/b2033
/d/wham/bsmart/SMC//101005/ha/combo/b2034
/d/wham/bsmart/SMC//101005/ha/combo/b2035
/d/wham/bsmart/SMC//101006/ha/combo/b2026
/d/wham/bsmart/SMC//101006/ha/combo/b2027
/d/wham/bsmart/SMC//101006/ha/combo/b2028
/d/wham/bsmart/SMC//101006/ha/combo/b2029
/d/wham/bsmart/SMC//101006/ha/combo/b2030
/d/wham/bsmart/SMC//101031/ha/combo/b2023
/d/wham/bsmart/SMC//101031/ha/combo/b2024
/d/wham/bsmart/SMC//101031/ha/combo/b2025
/d/wham/bsmart/SMC//101101/ha/combo/b2019
/d/wham/bsmart/SMC//101101/ha/combo/b2020
/d/wham/bsmart/SMC//101101/ha/combo/b2021
/d/wham/bsmart/SMC//101101/ha/combo/b2022
/d/wham/bsmart/SMC//101128/ha/combo/b2018
/d/wham/bsmart/SMC//101129/ha/combo/b2016
/d/wham/bsmart/SMC//101129/ha/combo/b2017
#/d/wham/bsmart/SMC//101130/ha/combo/b2014
/d/wham/bsmart/SMC//101130/ha/combo/b2015
/d/wham/bsmart/SMC//101205/ha/combo/b2012
/d/wham/bsmart/SMC//101205/ha/combo/b2013
/d/wham/bsmart/SMC//101205/ha/combo/b2014
/d/wham/bsmart/SMC//101211/ha/combo/b2009
#/d/wham/bsmart/SMC//110104/ha/combo/b2009
/d/wham/bsmart/SMC//101211/ha/combo/b2010
/d/wham/bsmart/SMC//101211/ha/combo/b2011
+/d/wham/bsmart/SMC//101231/ha/combo/b2011
/d/wham/bsmart/SMC//101212/ha/combo/b2006
/d/wham/bsmart/SMC//101212/ha/combo/b2007
/d/wham/bsmart/SMC//101213/ha/combo/b2000
/d/wham/bsmart/SMC//101214/ha/combo/b2001
/d/wham/bsmart/SMC//110103/ha/combo/b2004
/d/wham/bsmart/SMC//101211/ha/combo/b2010
+/d/wham/bsmart/SMC//110103/ha/combo/b2010
/d/wham/bsmart/SMC//110104/ha/combo/b2003
/d/wham/bsmart/SMC//110105/ha/combo/b2002
/d/wham/bsmart/SMC//110105/ha/combo/b2008
/d/wham/bsmart/SMC//110101/ha/combo/b2005
+/d/wham/bsmart/SMC//110102/ha/combo/b2005
